BR BK BB BQ BK BB BK BR
BP BP BP BP BP BP BP BP
IE IE IE IE IE IE IE IE
IE IE IE IE IE IE IE IE
IE IE IE IE IE IE IE IE
IE IE IE IE IE IE IE IE
WP WP WP WP WP WP WP WP
WR WK WB WQ WK WB WK WR